=== NYC Vibe Check - Reverse Search ===
Initializing engine (this may take a few seconds)...
Warning: You are sending unauthenticated requests to the HF Hub. Please set a HF_TOKEN to enable higher rate limits and faster downloads.
Loading weights: 100%|████████████████████████████████████████████████████████████████████████████████████████████████████████████████████████████████████████████████████████████| 103/103 [00:00<00:00, 3264.05it/s, Materializing param=pooler.dense.weight]
BertModel LOAD REPORT from: sentence-transformers/all-MiniLM-L6-v2
Key                     | Status     | Details
------------------------+------------+--------
embeddings.position_ids | UNEXPECTED |

Notes:
Loading 311 dataset...
Found 1132 unique problem categories. Computing embeddings...
Embeddings computed successfully.
Loading 311 dataset for clustering...

==================================================
Describe your least favorite urban issues (e.g., 'noise, rats, heating blockages') or type 'exit' to quit:
> pests

Analyzing semantics and matching with 311 categories...

Top 5 matching 311 categories:
  1. UNSANITARY CONDITION - PESTS (Similarity: 0.65)
  2. Mobile Food Vendor - Insects / Pests (Similarity: 0.62)
  3. Food Establishment - Rodents/Insects/Garbage (Similarity: 0.60)
  4. Food Establishment - Pesticide (Similarity: 0.54)
  5. Mosquitoes - Large Number of Mosquitoes (Similarity: 0.47)

Gathering geographical data and finding K-Means clusters...

*** Top Worst Ranked NYC Locations for Your Dislikes ***
Rank 1:
  Borough/Zip : MANHATTAN, 10032
  Coordinates : 40.81900, -73.93746
  Severity    : 1686.05 (sum of recency_weight * similarity across 18298 complaints)
  Map Link    : https://www.google.com/maps?q=40.818996530323304,-73.9374558016868
----------------------------------------
Rank 2:
  Borough/Zip : BRONX, 10453
  Coordinates : 40.85450, -73.91064
  Severity    : 1668.97 (sum of recency_weight * similarity across 18809 complaints)
  Map Link    : https://www.google.com/maps?q=40.85449588385241,-73.91064419503188
----------------------------------------
Rank 3:
  Borough/Zip : BROOKLYN, 11226
  Coordinates : 40.66017, -73.95120
  Severity    : 1473.28 (sum of recency_weight * similarity across 16694 complaints)
  Map Link    : https://www.google.com/maps?q=40.660172041051865,-73.95119974300826
----------------------------------------
Rank 4:
  Borough/Zip : BROOKLYN, 11207
  Coordinates : 40.67515, -73.90472
  Severity    : 1206.94 (sum of recency_weight * similarity across 14236 complaints)
  Map Link    : https://www.google.com/maps?q=40.67515408396101,-73.90472160836951
----------------------------------------
Rank 5:
  Borough/Zip : BRONX, 10460
  Coordinates : 40.83231, -73.88614
  Severity    : 1181.34 (sum of recency_weight * similarity across 13108 complaints)
  Map Link    : https://www.google.com/maps?q=40.83230600938677,-73.88614051564915
----------------------------------------
Rank 6:
  Borough/Zip : BRONX, 10467
  Coordinates : 40.87422, -73.86151
  Severity    : 870.12 (sum of recency_weight * similarity across 9607 complaints)
  Map Link    : https://www.google.com/maps?q=40.87422025880666,-73.8615064018856
----------------------------------------
Rank 7:
  Borough/Zip : BROOKLYN, 11230
  Coordinates : 40.61428, -73.98485
  Severity    : 707.58 (sum of recency_weight * similarity across 8327 complaints)
  Map Link    : https://www.google.com/maps?q=40.61427776132384,-73.98485308454867
----------------------------------------
Rank 8:
  Borough/Zip : MANHATTAN, 11211
  Coordinates : 40.72048, -73.98299
  Severity    : 697.12 (sum of recency_weight * similarity across 8454 complaints)
  Map Link    : https://www.google.com/maps?q=40.720476199775746,-73.98298867995574
----------------------------------------
Rank 9:
  Borough/Zip : MANHATTAN, 10025
  Coordinates : 40.77749, -73.96786
  Severity    : 609.66 (sum of recency_weight * similarity across 7044 complaints)
  Map Link    : https://www.google.com/maps?q=40.77749170436884,-73.96786049705464
----------------------------------------
Rank 10:
  Borough/Zip : QUEENS, 11435
  Coordinates : 40.69951, -73.81867
  Severity    : 448.78 (sum of recency_weight * similarity across 4865 complaints)
  Map Link    : https://www.google.com/maps?q=40.69951485338759,-73.81866900288395
----------------------------------------
Rank 11:
  Borough/Zip : QUEENS, 11368
  Coordinates : 40.74833, -73.85010
  Severity    : 415.82 (sum of recency_weight * similarity across 5235 complaints)
  Map Link    : https://www.google.com/maps?q=40.74832584768029,-73.85010421443316
----------------------------------------
Rank 12:
  Borough/Zip : QUEENS, 11106
  Coordinates : 40.75530, -73.91183
  Severity    : 380.45 (sum of recency_weight * similarity across 4997 complaints)
  Map Link    : https://www.google.com/maps?q=40.75529519829291,-73.91183308932365
----------------------------------------
Rank 13:
  Borough/Zip : STATEN ISLAND, 10301
  Coordinates : 40.61897, -74.11091
  Severity    : 285.25 (sum of recency_weight * similarity across 3172 complaints)
  Map Link    : https://www.google.com/maps?q=40.61896971464888,-74.11090743858948
----------------------------------------
Rank 14:
  Borough/Zip : QUEENS, 11434
  Coordinates : 40.70505, -73.76245
  Severity    : 252.12 (sum of recency_weight * similarity across 3043 complaints)
  Map Link    : https://www.google.com/maps?q=40.70504843324657,-73.76244871775917
----------------------------------------
Rank 15:
  Borough/Zip : QUEENS, 11691
  Coordinates : 40.59658, -73.77493
  Severity    : 165.36 (sum of recency_weight * similarity across 1977 complaints)
  Map Link    : https://www.google.com/maps?q=40.596579230907835,-73.77493037658805
----------------------------------------

==================================================